
=== MRT v1.4.0 run 2026-09-16T21:27:27+02:00 ===
2026-09-16 21:27:27 MRT v1.4.0 — multi-family malware removal (Windows, Go, YARA-guided)
2026-09-16 21:27:27 Families: SilentNet | WeedHack/Majanito | WXSGrabber | Donki | destructive hashes (WannaCry/NotPetya/Stuxnet) | generic heuristics
2026-09-16 21:27:27 SilentNet C2: thisisafalsepositive.st, sltnnt.ru, silentnet.st | weedhack C2 rotates via ETH 0x1280a841Fbc1F883365d3C83122260E0b2995B74 | donki C2 resolves via ETH 0x9044f5762e43b23ba91d124b51a045f1b51da652
2026-09-16 21:27:27 [yara] loaded 239 string literals from 11 embedded + 11 on-disk rule file(s)
2026-09-16 21:27:27 [triage] detected launchers: Vanilla Minecraft, PrismLauncher, Feather
2026-09-16 21:27:27 [triage] staging dir: C:\Users\ferti\AppData\Local\Microsoft\Windows\NtProfileIndex present=false
2026-09-16 21:27:27 [triage] pipe \\.\pipe\NtProfileSync present=false
2026-09-16 21:27:27 [triage] Donki stage-2 dir: C:\Users\ferti\AppData\Roaming\Microsoft\SecurityUpdates present=false
2026-09-16 21:27:27 [triage] pipe \\.\pipe\abe_decrypt_* present=false
2026-09-16 21:27:28 [scan] roots (10):
2026-09-16 21:27:28          C:\Users\ferti\Downloads
2026-09-16 21:27:28          C:\Users\ferti\Desktop
2026-09-16 21:27:28          C:\Users\ferti\Documents
2026-09-16 21:27:28          C:\Users\ferti\AppData\Roaming\.minecraft
2026-09-16 21:27:28          C:\Users\ferti\AppData\Roaming\PrismLauncher\instances
2026-09-16 21:27:28          C:\Users\ferti\AppData\Roaming\.feather
2026-09-16 21:27:28          C:\Users\ferti\AppData\Roaming\.minecraft\feather
2026-09-16 21:27:28          C:\Users\ferti\AppData\Local\Temp
2026-09-16 21:27:28          C:\Users\ferti\AppData\Roaming\Microsoft\Windows\Start Menu\Programs\Startup
2026-09-16 21:27:28          C:\ProgramData\Microsoft\Windows\Start Menu\Programs\Startup
2026-09-16 21:27:29 [scan] candidate files: 2028 (.jar/.zip/.exe/.dll/scripts)
2026-09-16 21:27:29 [yara] using embedded engine with literals from 11 rule file(s)
2026-09-16 21:32:41 [scan] done: 0 CONFIRMED, 0 SUSPICIOUS out of 2028 candidates
2026-09-16 21:32:41 [quarantine] dir: C:\Users\ferti\AppData\Local\MRT\quarantine
2026-09-16 21:32:41 [kill] terminated 0 stealer process(es)
2026-09-16 21:32:42 [droppers] handled 0 file(s)
2026-09-16 21:32:42 [triage] staging dir absent (good): C:\Users\ferti\AppData\Local\Microsoft\Windows\NtProfileIndex
2026-09-16 21:32:42 [triage] C:\Windows\perfc present: NotPetya vaccine file — do NOT delete it
2026-09-16 21:32:44 [registry] no stealer keys/values found
2026-09-16 21:32:49 [WARN] not running as Administrator: hosts/firewall hardening will be skipped (removal still proceeds).
2026-09-16 21:32:49 [WARN] To harden: re-run this tool as admin, or manually block thisisafalsepositive.st, sltnnt.ru, silentnet.st and 185.178.208.191, 185.178.208.165

2026-09-16 21:32:51 ==================== VERIFY ====================
2026-09-16 21:32:51 staging removed: true (was present: false)
2026-09-16 21:32:51 pipe gone:       true (was present: false)
2026-09-16 21:32:51 sys-cache gone:  true | jvmtp DLLs gone: true
2026-09-16 21:32:51 donki sec gone:  true (was present: false) | donki_staging gone: true | abe pipe gone: true | sqlite drop gone: true
2026-09-16 21:32:51 live procs left: 0 (killed: 0)
2026-09-16 21:32:51 droppers handled: 0 | spawn logs: 0 | weedhack natives: 0 | wxs: 0 | donki: 0 | wannacry svc: 0 | registry: 0 | tasks: 0 | startup: 0
2026-09-16 21:32:51 RESULT: malware appears REMOVED from this host.

2026-09-16 21:32:51 ==================== POST-REMOVAL — READ THIS ====================
2026-09-16 21:32:51 Wiping the box does NOT revoke what was already exfiltrated.

2026-09-16 21:32:51 On a CLEAN device, immediately:
2026-09-16 21:32:51   1. Change passwords for every account used on this PC (browsers first),
2026-09-16 21:32:51      then Discord, Google/Microsoft, Steam, Git, VPN, banking/crypto.
2026-09-16 21:32:51   2. Discord: Settings > Authorized Apps + Devices > log out all sessions,
2026-09-16 21:32:51      rotate any bot/webhook tokens stored on this PC.
2026-09-16 21:32:51   3. Browsers: revoke sessions (Google/Facebook/etc. device lists),
2026-09-16 21:32:51      rotate payment cards if autofill was enabled.
2026-09-16 21:32:51   4. Crypto: move funds to a fresh wallet created on a CLEAN device;
2026-09-16 21:32:51      treat any seed/extension data on this PC as compromised.
2026-09-16 21:32:51   5. Minecraft: change Mojang/Microsoft password, invalidate session
2026-09-16 21:32:51      tokens, check .minecraft/servers.dat + launcher_accounts.json.
2026-09-16 21:32:51   6. SSH/FTP keys, .env files, FileZilla/WinSCP/PuTTY creds: rotate all.
2026-09-16 21:32:51   7. Reboot, then re-run this tool with --scan-only to verify clean.
2026-09-16 21:32:51 ==================================================================
=== run finished ===

=== MRT v1.4.0 run 2026-09-16T21:38:41+02:00 ===
2026-09-16 21:38:41 MRT v1.4.0 — multi-family malware removal (Windows, Go, YARA-guided)
2026-09-16 21:38:41 Families: SilentNet | WeedHack/Majanito | WXSGrabber | Donki | destructive hashes (WannaCry/NotPetya/Stuxnet) | generic heuristics
2026-09-16 21:38:41 SilentNet C2: thisisafalsepositive.st, sltnnt.ru, silentnet.st | weedhack C2 rotates via ETH 0x1280a841Fbc1F883365d3C83122260E0b2995B74 | donki C2 resolves via ETH 0x9044f5762e43b23ba91d124b51a045f1b51da652
2026-09-16 21:38:41 [verbose] [yara] 15 literals from embedded rules/destructive.yar
2026-09-16 21:38:41 [verbose] [yara] 69 literals from embedded rules/discord_infected.yar
2026-09-16 21:38:41 [verbose] [yara] 56 literals from embedded rules/donki.yar
2026-09-16 21:38:41 [verbose] [yara] 26 literals from embedded rules/eqgrp_fuzzbunch.yar
2026-09-16 21:38:41 [verbose] [yara] 28 literals from embedded rules/generic.yar
2026-09-16 21:38:41 [verbose] [yara] 10 literals from embedded rules/gitapp_dropper.yar
2026-09-16 21:38:41 [verbose] [yara] 8 literals from embedded rules/memz.yar
2026-09-16 21:38:41 [verbose] [yara] 0 literals from embedded rules/minecraft_stealer_generic.yar
2026-09-16 21:38:41 [verbose] [yara] 8 literals from embedded rules/signofmisery.yar
2026-09-16 21:38:41 [verbose] [yara] 51 literals from embedded rules/silentnet.yar
2026-09-16 21:38:41 [verbose] [yara] 20 literals from embedded rules/weedhack.yar
2026-09-16 21:38:41 [verbose] [yara] 17 literals from embedded rules/wxsgrabber.yar
2026-09-16 21:38:41 [verbose] [yara] 0 literals from C:\Users\ferti\Desktop\MRT\rules\destructive.yar
2026-09-16 21:38:41 [verbose] [yara] 0 literals from C:\Users\ferti\Desktop\MRT\rules\discord_infected.yar
2026-09-16 21:38:41 [verbose] [yara] 0 literals from C:\Users\ferti\Desktop\MRT\rules\donki.yar
2026-09-16 21:38:41 [verbose] [yara] 0 literals from C:\Users\ferti\Desktop\MRT\rules\eqgrp_fuzzbunch.yar
2026-09-16 21:38:41 [verbose] [yara] 0 literals from C:\Users\ferti\Desktop\MRT\rules\generic.yar
2026-09-16 21:38:41 [verbose] [yara] 0 literals from C:\Users\ferti\Desktop\MRT\rules\gitapp_dropper.yar
2026-09-16 21:38:41 [verbose] [yara] 0 literals from C:\Users\ferti\Desktop\MRT\rules\memz.yar
2026-09-16 21:38:41 [verbose] [yara] 0 literals from C:\Users\ferti\Desktop\MRT\rules\minecraft_stealer_generic.yar
2026-09-16 21:38:41 [verbose] [yara] 0 literals from C:\Users\ferti\Desktop\MRT\rules\signofmisery.yar
2026-09-16 21:38:41 [verbose] [yara] 0 literals from C:\Users\ferti\Desktop\MRT\rules\silentnet.yar
2026-09-16 21:38:41 [verbose] [yara] 0 literals from C:\Users\ferti\Desktop\MRT\rules\weedhack.yar
2026-09-16 21:38:41 [verbose] [yara] 0 literals from C:\Users\ferti\Desktop\MRT\rules\wxsgrabber.yar
2026-09-16 21:38:41 [yara] loaded 308 string literals from 12 embedded + 12 on-disk rule file(s)
2026-09-16 21:38:41 [triage] detected launchers: Vanilla Minecraft, PrismLauncher, Feather
2026-09-16 21:38:41 [triage] staging dir: C:\Users\ferti\AppData\Local\Microsoft\Windows\NtProfileIndex present=false
2026-09-16 21:38:41 [triage] pipe \\.\pipe\NtProfileSync present=false
2026-09-16 21:38:41 [triage] Donki stage-2 dir: C:\Users\ferti\AppData\Roaming\Microsoft\SecurityUpdates present=false
2026-09-16 21:38:41 [verbose] no donki_staging dirs found
2026-09-16 21:38:41 [triage] pipe \\.\pipe\abe_decrypt_* present=false

=== MRT v1.4.0 run 2026-09-16T21:38:49+02:00 ===
2026-09-16 21:38:50 MRT v1.4.0 — multi-family malware removal (Windows, Go, YARA-guided)
2026-09-16 21:38:50 Families: SilentNet | WeedHack/Majanito | WXSGrabber | Donki | destructive hashes (WannaCry/NotPetya/Stuxnet) | generic heuristics
2026-09-16 21:38:50 SilentNet C2: thisisafalsepositive.st, sltnnt.ru, silentnet.st | weedhack C2 rotates via ETH 0x1280a841Fbc1F883365d3C83122260E0b2995B74 | donki C2 resolves via ETH 0x9044f5762e43b23ba91d124b51a045f1b51da652
2026-09-16 21:38:50 [yara] loaded 308 string literals from 12 embedded + 12 on-disk rule file(s)
2026-09-16 21:38:50 [triage] detected launchers: Vanilla Minecraft, PrismLauncher, Feather
2026-09-16 21:38:50 [triage] staging dir: C:\Users\ferti\AppData\Local\Microsoft\Windows\NtProfileIndex present=false
2026-09-16 21:38:50 [triage] pipe \\.\pipe\NtProfileSync present=false
2026-09-16 21:38:50 [triage] Donki stage-2 dir: C:\Users\ferti\AppData\Roaming\Microsoft\SecurityUpdates present=false
2026-09-16 21:38:50 [triage] pipe \\.\pipe\abe_decrypt_* present=false
2026-09-16 21:38:50 [scan] roots (1):
2026-09-16 21:38:50          C:\MALWARE\Discord\MALWARE - compromised mods
2026-09-16 21:38:50 [scan] candidate files: 4 (.jar/.zip/.exe/.dll/scripts)
2026-09-16 21:38:50 [yara] using embedded engine with literals from 12 rule file(s)
2026-09-16 21:38:52 [scan] done: 0 CONFIRMED, 0 SUSPICIOUS out of 4 candidates
2026-09-16 21:38:52 RESULT: no malware indicators found.
=== run finished ===

=== MRT v1.4.0 run 2026-09-16T21:39:00+02:00 ===
2026-09-16 21:39:00 MRT v1.4.0 — multi-family malware removal (Windows, Go, YARA-guided)
2026-09-16 21:39:00 Families: SilentNet | WeedHack/Majanito | WXSGrabber | Donki | destructive hashes (WannaCry/NotPetya/Stuxnet) | generic heuristics
2026-09-16 21:39:00 SilentNet C2: thisisafalsepositive.st, sltnnt.ru, silentnet.st | weedhack C2 rotates via ETH 0x1280a841Fbc1F883365d3C83122260E0b2995B74 | donki C2 resolves via ETH 0x9044f5762e43b23ba91d124b51a045f1b51da652
2026-09-16 21:39:00 [yara] loaded 308 string literals from 12 embedded + 12 on-disk rule file(s)
2026-09-16 21:39:00 [triage] detected launchers: Vanilla Minecraft, PrismLauncher, Feather
2026-09-16 21:39:00 [triage] staging dir: C:\Users\ferti\AppData\Local\Microsoft\Windows\NtProfileIndex present=false
2026-09-16 21:39:00 [triage] pipe \\.\pipe\NtProfileSync present=false
2026-09-16 21:39:00 [triage] Donki stage-2 dir: C:\Users\ferti\AppData\Roaming\Microsoft\SecurityUpdates present=false
2026-09-16 21:39:00 [triage] pipe \\.\pipe\abe_decrypt_* present=false
2026-09-16 21:39:01 [scan] roots (1):
2026-09-16 21:39:01          C:\MALWARE\Misc Malware
2026-09-16 21:39:01 [scan] candidate files: 15 (.jar/.zip/.exe/.dll/scripts)
2026-09-16 21:39:01 [yara] using embedded engine with literals from 12 rule file(s)
2026-09-16 21:39:03 [CONFIRMED] C:\MALWARE\Misc Malware\Krotten.exe
2026-09-16 21:39:03          family=known-sample kind=known-sample score=10 sha256=e79f164ccc75a5d5... size=54569
2026-09-16 21:39:03          SHA256 e79f164ccc75a5d5... matches curated sample: Krotten (curated sample); SHA256 matches curated C:\MALWARE sample; family uncharacterized
2026-09-16 21:39:03 [CONFIRMED] C:\MALWARE\Misc Malware\Module.jar
2026-09-16 21:39:03          family=donki kind=jar-donki score=10 sha256=25b2e5e52c023efb... size=6770148
2026-09-16 21:39:03          SHA256 matches curated Donki Module.jar (6770148 B); com/example infostealer + ABE bypass; see Module_writeup.md
2026-09-16 21:39:03 [CONFIRMED] C:\MALWARE\Misc Malware\NotPetya\NotPetya.exe
2026-09-16 21:39:03          family=destructive kind=hash-destructive score=10 sha256=027cc450ef5f8c5f... size=362360
2026-09-16 21:39:03          SHA256 027cc450ef5f8c5f... matches curated sample: NotPetya wiper; NotPetya destroys MBR; re-image from backup. C:\Windows\perfc present = vaccinated
2026-09-16 21:39:03 [SUSPICIOUS] C:\MALWARE\Misc Malware\NotPetya\payload_32bit_mimikatz.exe
2026-09-16 21:39:03          family=hacktool kind=hacktool score=10 sha256=eae9771e2eeb7ea3... size=47616
2026-09-16 21:39:03          SHA256 eae9771e2eeb7ea3... matches curated sample: Mimikatz x86 (NotPetya bundle); dual-use credential tool; verify before removing
2026-09-16 21:39:03 [SUSPICIOUS] C:\MALWARE\Misc Malware\NotPetya\payload_4.exe
2026-09-16 21:39:03          family=known-sample kind=known-sample score=10 sha256=5fa9feff9be14b2e... size=4861
2026-09-16 21:39:03          SHA256 5fa9feff9be14b2e... matches curated sample: NotPetya payload_4; uncharacterized bundle payload
2026-09-16 21:39:03 [SUSPICIOUS] C:\MALWARE\Misc Malware\NotPetya\payload_64bit_mimikatz.exe
2026-09-16 21:39:03          family=hacktool kind=hacktool score=10 sha256=02ef73bd2458627e... size=56320
2026-09-16 21:39:03          SHA256 02ef73bd2458627e... matches curated sample: Mimikatz x64 (NotPetya bundle); dual-use credential tool; verify before removing
2026-09-16 21:39:03 [SUSPICIOUS] C:\MALWARE\Misc Malware\NotPetya\psexec.exe
2026-09-16 21:39:03          family=hacktool kind=hacktool score=10 sha256=f8dbabdfa0306813... size=381816
2026-09-16 21:39:03          SHA256 f8dbabdfa0306813... matches curated sample: PsExec (NotPetya bundle); dual-use admin tool; verify before removing
2026-09-16 21:39:03 [CONFIRMED] C:\MALWARE\Misc Malware\StuxNet\MRXCLS.sys.infected
2026-09-16 21:39:03          family=destructive kind=hash-destructive score=10 sha256=1635ec04f069ccc8... size=26616
2026-09-16 21:39:03          SHA256 1635ec04f069ccc8... matches curated sample: Stuxnet MRXCLS.sys driver; Stuxnet signed driver
2026-09-16 21:39:03 [CONFIRMED] C:\MALWARE\Misc Malware\StuxNet\MRXNET.sys.infected
2026-09-16 21:39:03          family=destructive kind=hash-destructive score=10 sha256=0d8c2bcb575378f6... size=17400
2026-09-16 21:39:03          SHA256 0d8c2bcb575378f6... matches curated sample: Stuxnet MRXNET.sys driver; Stuxnet signed driver
2026-09-16 21:39:03 [CONFIRMED] C:\MALWARE\Misc Malware\StuxNet\dropper.exe_.infected
2026-09-16 21:39:03          family=destructive kind=hash-destructive score=10 sha256=743e16b3ef4d39fc... size=517632
2026-09-16 21:39:03          SHA256 743e16b3ef4d39fc... matches curated sample: Stuxnet dropper; Stuxnet LNK worm; also remove MRXCLS/MRXNET drivers
2026-09-16 21:39:03 [CONFIRMED] C:\MALWARE\Misc Malware\StuxNet\stuxnet.dll
2026-09-16 21:39:03          family=destructive kind=hash-destructive score=10 sha256=70f8789b03e38d07... size=25720
2026-09-16 21:39:03          SHA256 70f8789b03e38d07... matches curated sample: Stuxnet DLL; Stuxnet component
2026-09-16 21:39:03 [CONFIRMED] C:\MALWARE\Misc Malware\WannaCry.exe
2026-09-16 21:39:03          family=destructive kind=hash-destructive score=10 sha256=ed01ebfbc9eb5bbe... size=3514368
2026-09-16 21:39:03          SHA256 ed01ebfbc9eb5bbe... matches curated sample: WannaCry ransomware dropper; WannaCry; also remove service mssecsvc2.0; restore from backup, do NOT pay
2026-09-16 21:39:03 [CONFIRMED] C:\MALWARE\Misc Malware\sample no padding.jar
2026-09-16 21:39:03          family=silentnet kind=jar-dropper score=14 sha256=215bfa4023a7e064... size=75047
2026-09-16 21:39:03          LICENSE_github 7047B known SilentNet hash; assets/package/icon.png 252B known SilentNet hash; fabric.mod.json SilentNet template (package/sample); 7 com/github/*.class obfuscated classes; MANIFEST Main-Class: com.github.<random>; JDK stealer triple (ProcessBuilder+createDirectories+getenv); plaintext marker: getDomain
2026-09-16 21:39:03 [CONFIRMED] C:\MALWARE\Misc Malware\sample_clean.jar
2026-09-16 21:39:03          family=silentnet kind=jar-dropper score=15 sha256=df37f1abe7476120... size=45420
2026-09-16 21:39:03          LICENSE_github 7047B known SilentNet hash; assets/package/icon.png 252B known SilentNet hash; fabric.mod.json SilentNet template (package/sample); 7 com/github/*.class obfuscated classes; JDK stealer triple (ProcessBuilder+createDirectories+getenv); plaintext stage-1 markers: -restarted, 0xce6d41de, AppHost, LOCALAPPDATA, NtProfileIndex, Stealer spawned: pid=, X-Runtime-Env, _spawn.log, ce6d41de, getDomain, java.home, jre-embedded, main.py, python.exe
2026-09-16 21:39:03 [scan] done: 10 CONFIRMED, 4 SUSPICIOUS out of 15 candidates
2026-09-16 21:39:03 RESULT: indicators found (see above). Re-run without --scan-only --yes to remove.

=== MRT v1.4.0 run 2026-09-16T21:49:50+02:00 ===
2026-09-16 21:49:50 MRT v1.4.0 — multi-family malware removal (Windows, Go, YARA-guided)
2026-09-16 21:49:50 Families: SilentNet | WeedHack/Majanito | WXSGrabber | Donki | destructive hashes (WannaCry/NotPetya/Stuxnet) | generic heuristics
2026-09-16 21:49:50 SilentNet C2: thisisafalsepositive.st, sltnnt.ru, silentnet.st | weedhack C2 rotates via ETH 0x1280a841Fbc1F883365d3C83122260E0b2995B74 | donki C2 resolves via ETH 0x9044f5762e43b23ba91d124b51a045f1b51da652
2026-09-16 21:49:50 [yara] loaded 308 string literals from 11 embedded + 12 on-disk rule file(s)
2026-09-16 21:49:50 [triage] detected launchers: Vanilla Minecraft, PrismLauncher, Feather
2026-09-16 21:49:50 [triage] staging dir: C:\Users\ferti\AppData\Local\Microsoft\Windows\NtProfileIndex present=false
2026-09-16 21:49:50 [triage] pipe \\.\pipe\NtProfileSync present=false
2026-09-16 21:49:50 [triage] Donki stage-2 dir: C:\Users\ferti\AppData\Roaming\Microsoft\SecurityUpdates present=false
2026-09-16 21:49:50 [triage] pipe \\.\pipe\abe_decrypt_* present=false
2026-09-16 21:49:51 [scan] roots (10):
2026-09-16 21:49:51          C:\Users\ferti\Downloads
2026-09-16 21:49:51          C:\Users\ferti\Desktop
2026-09-16 21:49:51          C:\Users\ferti\Documents
2026-09-16 21:49:51          C:\Users\ferti\AppData\Roaming\.minecraft
2026-09-16 21:49:51          C:\Users\ferti\AppData\Roaming\PrismLauncher\instances
2026-09-16 21:49:51          C:\Users\ferti\AppData\Roaming\.feather
2026-09-16 21:49:51          C:\Users\ferti\AppData\Roaming\.minecraft\feather
2026-09-16 21:49:51          C:\Users\ferti\AppData\Local\Temp
2026-09-16 21:49:51          C:\Users\ferti\AppData\Roaming\Microsoft\Windows\Start Menu\Programs\Startup
2026-09-16 21:49:51          C:\ProgramData\Microsoft\Windows\Start Menu\Programs\Startup
2026-09-16 21:49:52 [scan] candidate files: 2047 (.jar/.zip/.exe/.dll/scripts)
2026-09-16 21:49:52 [yara] using embedded engine with literals from 12 rule file(s)

=== MRT v1.4.0 run 2026-09-16T21:51:31+02:00 ===
2026-09-16 21:51:31 MRT v1.4.0 — multi-family malware removal (Windows, Go, YARA-guided)
2026-09-16 21:51:31 Families: SilentNet | WeedHack/Majanito | WXSGrabber | Donki | destructive hashes (WannaCry/NotPetya/Stuxnet) | generic heuristics
2026-09-16 21:51:31 SilentNet C2: thisisafalsepositive.st, sltnnt.ru, silentnet.st | weedhack C2 rotates via ETH 0x1280a841Fbc1F883365d3C83122260E0b2995B74 | donki C2 resolves via ETH 0x9044f5762e43b23ba91d124b51a045f1b51da652
2026-09-16 21:51:31 [yara] loaded 308 string literals from 12 embedded + 12 on-disk rule file(s)
2026-09-16 21:51:31 [triage] detected launchers: Vanilla Minecraft, PrismLauncher, Feather
2026-09-16 21:51:31 [triage] staging dir: C:\Users\ferti\AppData\Local\Microsoft\Windows\NtProfileIndex present=false
2026-09-16 21:51:31 [triage] pipe \\.\pipe\NtProfileSync present=false
2026-09-16 21:51:31 [triage] Donki stage-2 dir: C:\Users\ferti\AppData\Roaming\Microsoft\SecurityUpdates present=false
2026-09-16 21:51:31 [triage] pipe \\.\pipe\abe_decrypt_* present=false
2026-09-16 21:51:32 [scan] roots (10):
2026-09-16 21:51:32          C:\Users\ferti\Downloads
2026-09-16 21:51:32          C:\Users\ferti\Desktop
2026-09-16 21:51:32          C:\Users\ferti\Documents
2026-09-16 21:51:32          C:\Users\ferti\AppData\Roaming\.minecraft
2026-09-16 21:51:32          C:\Users\ferti\AppData\Roaming\PrismLauncher\instances
2026-09-16 21:51:32          C:\Users\ferti\AppData\Roaming\.feather
2026-09-16 21:51:32          C:\Users\ferti\AppData\Roaming\.minecraft\feather
2026-09-16 21:51:32          C:\Users\ferti\AppData\Local\Temp
2026-09-16 21:51:32          C:\Users\ferti\AppData\Roaming\Microsoft\Windows\Start Menu\Programs\Startup
2026-09-16 21:51:32          C:\ProgramData\Microsoft\Windows\Start Menu\Programs\Startup
2026-09-16 21:51:34 [scan] candidate files: 2047 (.jar/.zip/.exe/.dll/scripts)
2026-09-16 21:51:34 [yara] using embedded engine with literals from 12 rule file(s)
2026-09-16 21:56:05 [CONFIRMED] C:\Users\ferti\AppData\Local\Temp\KrLoader-1.0.jar
2026-09-16 21:56:05          family=weedhack kind=jar-weedhack score=7 sha256=d3a580362b0d6499... size=363524
2026-09-16 21:56:05          WeedHack fabric mod id "krloader"; JNIC native/ payload dir (KrLoader-style native protection); support markers: jvmtp
2026-09-16 21:56:05 [CONFIRMED] C:\Users\ferti\AppData\Local\Temp\Krypton Client.jar
2026-09-16 21:56:05          family=wxsgrabber kind=jar-wxsgrabber score=19 sha256=23b889f5aa17fabf... size=4607411
2026-09-16 21:56:05          LICENSE_wxsgrabber-mod (unique to WXSGrabber); net.fabricmc.core.impl entrypoint (masquerades as Fabric internals); fabric mod id my-mod; bundled JNA/SQLite data-theft libs; WXS markers: .sys-cache, FabricListenerInit, FabricRuntimeInit, wxsgrabber-persistence; support: NSS_Init, PK11SDR_Decrypt, aHR0cHM6Ly9hcGkueC1ncmFiYmVyLmNvbQ==, cG93ZXJzaGVsbC5leGU=, d3NjcmlwdC5leGU=
2026-09-16 21:56:05 [CONFIRMED] C:\Users\ferti\AppData\Local\Temp\Krypton-1.0.0.jar
2026-09-16 21:56:05          family=weedhack kind=jar-weedhack score=6 sha256=685154eaf40d3327... size=833148
2026-09-16 21:56:05          WeedHack fabric mod id "rypton"; non-ASCII (mangled) Fabric entrypoint; non-ASCII (mangled) manifest Main-Class
2026-09-16 21:56:05 [SUSPICIOUS] C:\Users\ferti\AppData\Local\Temp\KryptonPremiumReborm.jar
2026-09-16 21:56:05          family=weedhack kind=jar-weedhack score=4 sha256=d16e818aba349f01... size=5585037
2026-09-16 21:56:05          WeedHack fabric mod id "krloader"; support markers: getText
2026-09-16 21:56:05 [CONFIRMED] C:\Users\ferti\AppData\Local\Temp\Module.jar
2026-09-16 21:56:05          family=donki kind=jar-donki score=10 sha256=25b2e5e52c023efb... size=6770148
2026-09-16 21:56:05          SHA256 matches curated Donki Module.jar (6770148 B); com/example infostealer + ABE bypass; see Module_writeup.md
2026-09-16 21:56:05 [CONFIRMED] C:\Users\ferti\AppData\Local\Temp\Prestige cracked.jar
2026-09-16 21:56:05          family=silentnet kind=jar-dropper score=17 sha256=10f75e639ae63187... size=6961925
2026-09-16 21:56:05          LICENSE_github 7047B known SilentNet hash; assets/package/icon.png 252B known SilentNet hash; fabric.mod.json SilentNet template (package/sample); encrypted payload blob assets/jolvecno.bin (6815744 bytes); 14 com/github/*.class obfuscated classes; MANIFEST Main-Class: com.github.<random>; JDK stealer triple (ProcessBuilder+createDirectories+getenv); plaintext marker: getDomain
2026-09-16 21:56:05 [CONFIRMED] C:\Users\ferti\AppData\Local\Temp\Taunahi+.jar
2026-09-16 21:56:05          family=silentnet kind=jar-dropper score=17 sha256=cfd5e2327c455d6d... size=1975730
2026-09-16 21:56:05          LICENSE_github 7047B known SilentNet hash; assets/package/icon.png 252B known SilentNet hash; fabric.mod.json SilentNet template (package/sample); encrypted payload blob assets/ocqwofuw.cache (1900544 bytes); 7 com/github/*.class obfuscated classes; MANIFEST Main-Class: com.github.<random>; JDK stealer triple (ProcessBuilder+createDirectories+getenv); plaintext marker: getDomain
2026-09-16 21:56:05 [SUSPICIOUS] C:\Users\ferti\AppData\Local\Temp\WaterClientV6-1.21.11.jar
2026-09-16 21:56:05          family=silentnet kind=jar-dropper score=6 sha256=a60374fcff6c8867... size=2348868
2026-09-16 21:56:05          7 com/github/*.class obfuscated classes; MANIFEST Main-Class: com.github.<random>; JDK stealer triple (ProcessBuilder+createDirectories+getenv); plaintext marker: getDomain
2026-09-16 21:56:05 [scan] done: 6 CONFIRMED, 2 SUSPICIOUS out of 2047 candidates
2026-09-16 21:56:05 [quarantine] dir: C:\Users\ferti\AppData\Local\MRT\quarantine
2026-09-16 21:56:05 [kill] terminated 0 stealer process(es)
2026-09-16 21:56:06 [quarantine] C:\Users\ferti\AppData\Local\Temp\KrLoader-1.0.jar -> C:\Users\ferti\AppData\Local\MRT\quarantine\KrLoader-1.0.jar_20260916-215606.quarantined
2026-09-16 21:56:06 [quarantine] C:\Users\ferti\AppData\Local\Temp\Krypton Client.jar -> C:\Users\ferti\AppData\Local\MRT\quarantine\Krypton Client.jar_20260916-215606.quarantined
2026-09-16 21:56:06 [quarantine] C:\Users\ferti\AppData\Local\Temp\Krypton-1.0.0.jar -> C:\Users\ferti\AppData\Local\MRT\quarantine\Krypton-1.0.0.jar_20260916-215606.quarantined
2026-09-16 21:56:06 [quarantine] C:\Users\ferti\AppData\Local\Temp\KryptonPremiumReborm.jar -> C:\Users\ferti\AppData\Local\MRT\quarantine\KryptonPremiumReborm.jar_20260916-215606.quarantined
2026-09-16 21:56:06 [quarantine] C:\Users\ferti\AppData\Local\Temp\Module.jar -> C:\Users\ferti\AppData\Local\MRT\quarantine\Module.jar_20260916-215606.quarantined
2026-09-16 21:56:06 [quarantine] C:\Users\ferti\AppData\Local\Temp\Prestige cracked.jar -> C:\Users\ferti\AppData\Local\MRT\quarantine\Prestige cracked.jar_20260916-215606.quarantined
2026-09-16 21:56:06 [quarantine] C:\Users\ferti\AppData\Local\Temp\Taunahi+.jar -> C:\Users\ferti\AppData\Local\MRT\quarantine\Taunahi+.jar_20260916-215606.quarantined
2026-09-16 21:56:06 [quarantine] C:\Users\ferti\AppData\Local\Temp\WaterClientV6-1.21.11.jar -> C:\Users\ferti\AppData\Local\MRT\quarantine\WaterClientV6-1.21.11.jar_20260916-215606.quarantined
2026-09-16 21:56:06 [droppers] handled 8 file(s)
2026-09-16 21:56:06 [triage] staging dir absent (good): C:\Users\ferti\AppData\Local\Microsoft\Windows\NtProfileIndex
2026-09-16 21:56:06 [triage] C:\Windows\perfc present: NotPetya vaccine file — do NOT delete it
2026-09-16 21:56:08 [registry] no stealer keys/values found
2026-09-16 21:56:14 [WARN] not running as Administrator: hosts/firewall hardening will be skipped (removal still proceeds).
2026-09-16 21:56:14 [WARN] To harden: re-run this tool as admin, or manually block thisisafalsepositive.st, sltnnt.ru, silentnet.st and 185.178.208.191, 185.178.208.165

2026-09-16 21:56:15 ==================== VERIFY ====================
2026-09-16 21:56:15 staging removed: true (was present: false)
2026-09-16 21:56:15 pipe gone:       true (was present: false)
2026-09-16 21:56:15 sys-cache gone:  true | jvmtp DLLs gone: true
2026-09-16 21:56:15 donki sec gone:  true (was present: false) | donki_staging gone: true | abe pipe gone: true | sqlite drop gone: true
2026-09-16 21:56:15 live procs left: 0 (killed: 0)
2026-09-16 21:56:15 droppers handled: 8 | spawn logs: 0 | weedhack natives: 0 | wxs: 0 | donki: 0 | wannacry svc: 0 | registry: 0 | tasks: 0 | startup: 0
2026-09-16 21:56:15 RESULT: malware appears REMOVED from this host.

2026-09-16 21:56:15 ==================== POST-REMOVAL — READ THIS ====================
2026-09-16 21:56:15 Wiping the box does NOT revoke what was already exfiltrated.
2026-09-16 21:56:15 SilentNet stage-2 steals: browser passwords/cookies/cards, Discord tokens,
2026-09-16 21:56:15 crypto wallets/seeds, Minecraft session tokens, SSH/FTP/VPN creds,
2026-09-16 21:56:15 Telegram sessions, screenshots and keyword-targeted files.
2026-09-16 21:56:15 WeedHack steals: Minecraft session token + browser/Discord/wallet data,
2026-09-16 21:56:15 and its premium stage-2 is a full RAT (keylogger, webcam, shell).
2026-09-16 21:56:15 Assume full compromise — re-image if RAT activity is suspected.
2026-09-16 21:56:15 WXSGrabber steals: browser credentials, Discord tokens, crypto wallets,
2026-09-16 21:56:15 Minecraft/Microsoft sessions, and runs a live RAT (shell, screenshots).
2026-09-16 21:56:15 Donki steals: Chromium/Firefox passwords+cookies (incl. Chrome 127+ ABE
2026-09-16 21:56:15 bypass via suspended-browser injection), Discord tokens + client injection
2026-09-16 21:56:15 (discord_desktop_core/index.js), 37-browser wallet extensions, desktop
2026-09-16 21:56:15 wallets (Exodus/Atomic/Electrum/...), Minecraft/Steam/Roblox sessions,
2026-09-16 21:56:15 Modrinth DB, and drops stage-2 SecurityManager.jar (registry persistence).
2026-09-16 21:56:15 Reinstall Discord after removal; assume wallets/sessions are compromised.

2026-09-16 21:56:15 On a CLEAN device, immediately:
2026-09-16 21:56:15   1. Change passwords for every account used on this PC (browsers first),
2026-09-16 21:56:15      then Discord, Google/Microsoft, Steam, Git, VPN, banking/crypto.
2026-09-16 21:56:15   2. Discord: Settings > Authorized Apps + Devices > log out all sessions,
2026-09-16 21:56:15      rotate any bot/webhook tokens stored on this PC.
2026-09-16 21:56:15   3. Browsers: revoke sessions (Google/Facebook/etc. device lists),
2026-09-16 21:56:15      rotate payment cards if autofill was enabled.
2026-09-16 21:56:15   4. Crypto: move funds to a fresh wallet created on a CLEAN device;
2026-09-16 21:56:15      treat any seed/extension data on this PC as compromised.
2026-09-16 21:56:15   5. Minecraft: change Mojang/Microsoft password, invalidate session
2026-09-16 21:56:15      tokens, check .minecraft/servers.dat + launcher_accounts.json.
2026-09-16 21:56:15   6. SSH/FTP keys, .env files, FileZilla/WinSCP/PuTTY creds: rotate all.
2026-09-16 21:56:15   7. Reboot, then re-run this tool with --scan-only to verify clean.
2026-09-16 21:56:15 ==================================================================
=== run finished ===
